// Jest Snapshot v1, https://goo.gl/fbAQLP

exports[`should render ExpenseListItem correctly 1`] = `
<expenseItem
  expenses={
    Object {
      "amount": 10,
      "createdAt": 0,
      "description": "Gum",
      "id": "0",
      "note": "",
    }
  }
/>
`;

exports[`should render ExpenseListItem correctly with empty expense 1`] = `
<expenseItem
  expenses={Array []}
/>
`;
